[2026-04-28 16:04:01] Sending OTP 334205 to ismailfounti24@gmail.com
[2026-04-28 16:18:31] Sending OTP 695767 to basma21trid@gmail.com
[2026-04-28 17:20:15] Sending OTP 647793 to merchant@gmail.com
[2026-05-11 14:40:51] Sending OTP 987368 to boukaya@gmail.com
[2026-05-12 15:47:46] Sending OTP 588574 to omar@gmail.com
[2026-05-12 16:39:44] Sending OTP 211087 to tarik@gmail.com
[2026-05-18 13:08:04] Sending OTP 948280 to tarik@gmail.com
[2026-05-18 13:09:00] Sending OTP 964707 to tarik@gmail.com
[2026-05-18 13:16:16] Sending OTP 165678 to tarik@gmail.com
[2026-05-18 13:16:47] Sending OTP 984138 to 0675398115
[2026-05-18 13:23:23] Sending OTP 689105 to testuser@example.com
[2026-05-18 13:24:10] Sending OTP 446747 to testuser@example.com
[2026-05-18 13:25:50] Sending OTP 798172 to 0675398119
[2026-05-18 13:52:32] Sending OTP 721635 to teest2@gmail.com
[2026-05-18 14:11:57] Sending OTP 710343 to newuserotp@gmail.com
[2026-05-18 14:13:40] Sending OTP 546722 to newuserotp_unique_xyz10@gmail.com
[2026-05-18 14:17:29] Sending OTP 604921 to cleantestotp_abc1@gmail.com
[2026-05-18 16:10:09] Sending OTP 341838 to newuserotp@gmail.com
[2026-05-18 16:22:51] Sending OTP 138459 to newuserotp_unique_xyz10@gmail.com
[2026-05-18 16:28:06] Sending OTP 255131 to teest@gmail.com
[2026-05-18 16:36:50] Sending OTP 537047 to teest@gmail.com
[2026-05-18 16:58:36] Sending OTP 528875 to walid@gmail.com
[2026-05-18 17:19:31] Sending OTP 877980 to basma21trid@gmail.com
[2026-05-18 17:19:59] Sending OTP 429872 to basma21trid@gmail.com
[2026-05-18 17:34:03] Sending OTP 705288 to assila@gmail.com
[2026-05-18 17:58:25] Sending OTP 349416 to 0674949445
[2026-05-19 10:36:37] Sending OTP 483338 to asssila@gmail.com
[2026-05-19 13:34:17] Sending OTP 744065 to safacode07@gmail.com
[2026-05-19 16:13:54] Sending OTP 470723 to solicode@gmail.com
[2026-05-19 16:47:54] Sending OTP 751520 to testmerchant2@tqseet.com
[2026-05-20 14:08:56] Sending OTP 833843 to safacode07@gmail.com
[2026-05-20 16:29:02] Sending OTP 288939 to teest@gmail.com
[2026-05-20 16:29:34] Sending OTP 700062 to teest@gmail.com
[2026-05-28 02:15:41] Sending OTP 674344 to founticode@gmail.com
[2026-05-28 02:19:59] Sending OTP 900105 to yassir@gmail.com
[2026-05-28 02:25:26] Sending OTP 197269 to riadshop@gmail.com
[2026-06-01 11:21:09] Sending OTP 655759 to ismailfounti24@gmail.com
[2026-06-01 11:25:41] Sending OTP 313385 to ismailfounti24@gmail.com
[2026-06-01 13:48:49] Sending OTP 229834 to admin@test.com
[2026-06-01 13:50:34] Sending OTP 192911 to basma21trid@gmail.com
